Building canonical for 20×8×3 cooldown=2
  method=sa, sa_iterations=2000000, n_seeds=20
  CP-SAT post-pass budget: 600.0s
  cooldown_max=3, surrogate_count=2, feasible=True
  par_quad floor: 160 (proven_lower_bound)
  opp_quad floor: 340 (proven_lower_bound)
  seed=30000 → lex=(0, 168, 451)..., best so far=(0, 168, 451)
  seed=37919 → lex=(0, 166, 451)..., best so far=(0, 166, 451)
  seed=45838 → lex=(0, 168, 455)..., best so far=(0, 166, 451)
  seed=53757 → lex=(0, 166, 467)..., best so far=(0, 166, 451)
  seed=61676 → lex=(0, 168, 455)..., best so far=(0, 166, 451)
  seed=69595 → lex=(0, 168, 455)..., best so far=(0, 166, 451)
  seed=77514 → lex=(0, 172, 447)..., best so far=(0, 166, 451)
  seed=85433 → lex=(0, 166, 463)..., best so far=(0, 166, 451)
  seed=93352 → lex=(0, 170, 473)..., best so far=(0, 166, 451)
  seed=101271 → lex=(0, 164, 493)..., best so far=(0, 164, 493)
  seed=109190 → lex=(0, 166, 465)..., best so far=(0, 164, 493)
  seed=117109 → lex=(0, 170, 447)..., best so far=(0, 164, 493)
  seed=125028 → lex=(0, 168, 467)..., best so far=(0, 164, 493)
  seed=132947 → lex=(0, 170, 481)..., best so far=(0, 164, 493)
  seed=140866 → lex=(0, 168, 475)..., best so far=(0, 164, 493)
  seed=148785 → lex=(0, 166, 453)..., best so far=(0, 164, 493)
  seed=156704 → lex=(0, 172, 459)..., best so far=(0, 164, 493)
  seed=164623 → lex=(0, 166, 473)..., best so far=(0, 164, 493)
  seed=172542 → lex=(0, 168, 463)..., best so far=(0, 164, 493)
  seed=180461 → lex=(0, 168, 457)..., best so far=(0, 164, 493)
  Applying CP-SAT R/B post-pass (budget=60s)...
    status=OPTIMAL wall=0.1s max=2→2
  Applying CP-SAT station post-pass (budget=540s)...
    status=OPTIMAL wall=0.1s max=3→1
  achieved lex tuple: [0, 164, 493]...
  par_quad: 164 (floor 160, matches: False)
  opp_quad: 493 (floor 340, matches: False)
  confidence: best_known

Canonical written to: /Users/chris/git/frc-scheduler-server/app/canonical_schedules/20x8x3_cd2.json
