Building canonical for 24×8×3 cooldown=2
  method=sa, sa_iterations=2000000, n_seeds=20
  CP-SAT post-pass budget: 600.0s
  cooldown_max=4, surrogate_count=0, feasible=True
  par_quad floor: 192 (proven_lower_bound)
  opp_quad floor: 312 (proven_lower_bound)
  seed=30000 → lex=(0, 192, 466)..., best so far=(0, 192, 466)
  seed=37919 → lex=(0, 192, 436)..., best so far=(0, 192, 436)
  seed=45838 → lex=(0, 192, 446)..., best so far=(0, 192, 436)
  seed=53757 → lex=(0, 192, 448)..., best so far=(0, 192, 436)
  seed=61676 → lex=(0, 192, 438)..., best so far=(0, 192, 436)
  seed=69595 → ConstructionMalformedError: Construction produced malformed match 31: red has 3 teams, blue has 2 (expected 3 each). This is a known construction-quality issue on tight fixtures (n=24, MPT=8). Caller should retry with a different seed.
  seed=77514 → lex=(0, 192, 458)..., best so far=(0, 192, 436)
  seed=85433 → lex=(0, 192, 458)..., best so far=(0, 192, 436)
  seed=93352 → lex=(0, 192, 448)..., best so far=(0, 192, 436)
  seed=101271 → lex=(0, 192, 456)..., best so far=(0, 192, 436)
  seed=109190 → lex=(0, 192, 466)..., best so far=(0, 192, 436)
  seed=117109 → lex=(0, 192, 462)..., best so far=(0, 192, 436)
  seed=125028 → lex=(0, 192, 460)..., best so far=(0, 192, 436)
  seed=132947 → lex=(0, 192, 450)..., best so far=(0, 192, 436)
  seed=140866 → lex=(0, 192, 454)..., best so far=(0, 192, 436)
  seed=148785 → ConstructionMalformedError: Construction produced malformed match 31: red has 3 teams, blue has 2 (expected 3 each). This is a known construction-quality issue on tight fixtures (n=24, MPT=8). Caller should retry with a different seed.
  seed=156704 → lex=(0, 192, 450)..., best so far=(0, 192, 436)
  seed=164623 → lex=(0, 192, 448)..., best so far=(0, 192, 436)
  seed=172542 → lex=(0, 192, 442)..., best so far=(0, 192, 436)
  seed=180461 → lex=(0, 192, 460)..., best so far=(0, 192, 436)
  Applying CP-SAT R/B post-pass (budget=60s)...
    status=OPTIMAL wall=0.1s max=2→2
  Applying CP-SAT station post-pass (budget=540s)...
    status=OPTIMAL wall=0.2s max=3→1
  achieved lex tuple: [0, 192, 436]...
  par_quad: 192 (floor 192, matches: True)
  opp_quad: 436 (floor 312, matches: False)
  confidence: best_known

Canonical written to: /Users/chris/git/frc-scheduler-server/app/canonical_schedules/24x8x3_cd2.json
