Building canonical for 36×7×3 cooldown=2
  method=sa, sa_iterations=2000000, n_seeds=20
  CP-SAT post-pass budget: 600.0s
  cooldown_max=6, surrogate_count=0, feasible=True
  par_quad floor: 252 (proven_lower_bound)
  opp_quad floor: 378 (proven_lower_bound)
  seed=30000 → lex=(0, 252, 390)..., best so far=(0, 252, 390)
  seed=37919 → lex=(0, 252, 394)..., best so far=(0, 252, 390)
  seed=45838 → lex=(0, 252, 394)..., best so far=(0, 252, 390)
  seed=53757 → lex=(0, 252, 394)..., best so far=(0, 252, 390)
  seed=61676 → lex=(0, 252, 390)..., best so far=(0, 252, 390)
  seed=69595 → lex=(0, 252, 388)..., best so far=(0, 252, 388)
  seed=77514 → lex=(0, 252, 392)..., best so far=(0, 252, 388)
  seed=85433 → lex=(0, 252, 392)..., best so far=(0, 252, 388)
  seed=93352 → lex=(0, 252, 398)..., best so far=(0, 252, 388)
  seed=101271 → lex=(0, 252, 394)..., best so far=(0, 252, 388)
  seed=109190 → lex=(0, 252, 392)..., best so far=(0, 252, 388)
  seed=117109 → lex=(0, 252, 386)..., best so far=(0, 252, 386)
  seed=125028 → lex=(0, 252, 394)..., best so far=(0, 252, 386)
  seed=132947 → lex=(0, 252, 392)..., best so far=(0, 252, 386)
  seed=140866 → lex=(0, 252, 396)..., best so far=(0, 252, 386)
  seed=148785 → lex=(0, 252, 392)..., best so far=(0, 252, 386)
  seed=156704 → lex=(0, 252, 392)..., best so far=(0, 252, 386)
  seed=164623 → lex=(0, 252, 390)..., best so far=(0, 252, 386)
  seed=172542 → lex=(0, 252, 392)..., best so far=(0, 252, 386)
  seed=180461 → lex=(0, 252, 394)..., best so far=(0, 252, 386)
  Applying CP-SAT R/B post-pass (budget=60s)...
    status=OPTIMAL wall=0.0s max=1→1
  Applying CP-SAT station post-pass (budget=540s)...
    status=OPTIMAL wall=0.2s max=2→1
  achieved lex tuple: [0, 252, 386]...
  par_quad: 252 (floor 252, matches: True)
  opp_quad: 386 (floor 378, matches: False)
  confidence: best_known

Canonical written to: /Users/chris/git/frc-scheduler-server/app/canonical_schedules/36x7x3_cd2.json
