Building canonical for 60×12×3 cooldown=2
  method=sa, sa_iterations=2000000, n_seeds=20
  CP-SAT post-pass budget: 600.0s
  cooldown_max=10, surrogate_count=0, feasible=True
  par_quad floor: 720 (proven_lower_bound)
  opp_quad floor: 1080 (proven_lower_bound)
  seed=30000 → lex=(0, 720, 1176)..., best so far=(0, 720, 1176)
  seed=37919 → lex=(0, 720, 1182)..., best so far=(0, 720, 1176)
  seed=45838 → lex=(0, 720, 1178)..., best so far=(0, 720, 1176)
  seed=53757 → lex=(0, 720, 1192)..., best so far=(0, 720, 1176)
  seed=61676 → lex=(0, 720, 1172)..., best so far=(0, 720, 1172)
  seed=69595 → lex=(0, 720, 1180)..., best so far=(0, 720, 1172)
  seed=77514 → lex=(0, 720, 1178)..., best so far=(0, 720, 1172)
  seed=85433 → lex=(0, 720, 1180)..., best so far=(0, 720, 1172)
  seed=93352 → lex=(0, 720, 1168)..., best so far=(0, 720, 1168)
  seed=101271 → lex=(0, 720, 1170)..., best so far=(0, 720, 1168)
  seed=109190 → lex=(0, 720, 1188)..., best so far=(0, 720, 1168)
  seed=117109 → lex=(0, 720, 1182)..., best so far=(0, 720, 1168)
  seed=125028 → lex=(0, 720, 1160)..., best so far=(0, 720, 1160)
  seed=132947 → lex=(0, 720, 1162)..., best so far=(0, 720, 1160)
  seed=140866 → lex=(0, 720, 1170)..., best so far=(0, 720, 1160)
  seed=148785 → lex=(0, 720, 1164)..., best so far=(0, 720, 1160)
  seed=156704 → lex=(0, 720, 1178)..., best so far=(0, 720, 1160)
  seed=164623 → lex=(0, 720, 1166)..., best so far=(0, 720, 1160)
  seed=172542 → lex=(0, 720, 1176)..., best so far=(0, 720, 1160)
  seed=180461 → lex=(0, 720, 1178)..., best so far=(0, 720, 1160)
  Applying CP-SAT R/B post-pass (budget=60s)...
    status=FEASIBLE wall=60.0s max=4→2
  Applying CP-SAT station post-pass (budget=540s)...
    status=OPTIMAL wall=0.8s max=4→2
  achieved lex tuple: [0, 720, 1160]...
  par_quad: 720 (floor 720, matches: True)
  opp_quad: 1160 (floor 1080, matches: False)
  confidence: best_known

Canonical written to: /Users/chris/git/frc-scheduler-server/app/canonical_schedules/60x12x3_cd2.json
