Standing eval starting at 2026-05-16T07:01:41.134813
Fixtures: ['12x6_cd2', '20x8_cd2', '24x8_cd2', '36x7_cd2', '60x12_cd2']
Seeds per fixture: 5
SA iterations: 500000
Strict mode: False

── 12x6_cd2 (12×6×3 cd=2) ──
   5 seeds × 500000 SA iter
   bars: composite≥85.0, per-criterion≥50.0
   notes: Structural cooldown=2 gap on par_quad. Best-known floor scoring used to give meaningful bars.
   seed 2792900: composite= 97.3, paramount-valid=True, wall=4.6s
   seed 2792901: composite= 97.3, paramount-valid=True, wall=4.5s
   seed 2792902: composite= 97.3, paramount-valid=True, wall=4.5s
   seed 2792903: composite= 97.3, paramount-valid=True, wall=4.5s
   seed 2792904: composite= 97.3, paramount-valid=True, wall=4.5s
   ✓ PASS: median composite=97.3

── 20x8_cd2 (20×8×3 cd=2) ──
   5 seeds × 500000 SA iter
   bars: composite≥75.0, per-criterion≥50.0
   notes: Surrogate-required (2 slots). par_quad/opp_quad floors tight; rb/station post-passes may not reach floor at default iterations.
   seed 1484400: composite= 88.9, paramount-valid=True, wall=13.0s
   seed 1484401: composite= 97.2, paramount-valid=True, wall=12.9s
   seed 1484402: composite= 97.2, paramount-valid=True, wall=13.0s
   seed 1484403: composite=100.0, paramount-valid=True, wall=13.1s
   seed 1484404: composite= 91.7, paramount-valid=True, wall=13.2s
   ✓ PASS: median composite=97.2

── 24x8_cd2 (24×8×3 cd=2) ──
   5 seeds × 500000 SA iter
   bars: composite≥80.0, per-criterion≥50.0
   seed 1356600: composite=100.0, paramount-valid=True, wall=17.3s
   seed 1356601: composite= 91.7, paramount-valid=True, wall=17.3s
   seed 1356602: composite=100.0, paramount-valid=True, wall=17.3s
   seed 1356603: composite=100.0, paramount-valid=True, wall=17.4s
   seed 1356604: composite= 97.2, paramount-valid=True, wall=17.3s
   ✓ PASS: median composite=100.0

── 36x7_cd2 (36×7×3 cd=2) ──
   5 seeds × 500000 SA iter
   bars: composite≥85.0, per-criterion≥50.0
   notes: 2026mnst production shape. par_quad floor=252 is achievable; rb/station post-pass weakness drags composite at default iter budget.
   seed 915200: composite= 91.7, paramount-valid=True, wall=33.5s
   seed 915201: composite= 94.4, paramount-valid=True, wall=33.3s
   seed 915202: composite= 97.2, paramount-valid=True, wall=33.5s
   seed 915203: composite= 97.2, paramount-valid=True, wall=33.8s
   seed 915204: composite= 91.7, paramount-valid=True, wall=33.6s
   ✓ PASS: median composite=94.4

── 60x12_cd2 (60×12×3 cd=2) ──
   5 seeds × 500000 SA iter
   bars: composite≥80.0, per-criterion≥50.0
   notes: Largest fixture (120 matches). SA-only generation. par_quad routinely hits floor; rb_per_team often above.
   seed 2499600: composite= 97.2, paramount-valid=True, wall=83.7s
   seed 2499601: composite= 91.7, paramount-valid=True, wall=84.4s
   seed 2499602: composite= 88.9, paramount-valid=True, wall=84.3s
   seed 2499603: composite= 94.4, paramount-valid=True, wall=84.2s
   seed 2499604: composite= 88.9, paramount-valid=True, wall=84.2s
   ✓ PASS: median composite=91.7

============================================================
Overall: PASS — pass 5, warn 0, fail 0
Wall: 763.0s (12.7min)

Reports written:
  /Users/chris/git/frc-scheduler-server/scripts/scheduler_eval/reports/standards_20260516-071424.json
  /Users/chris/git/frc-scheduler-server/scripts/scheduler_eval/reports/standards_20260516-071424.md
