=== 12x6 cd=2 (rc=0) ===
Building canonical for 12×6×3 cooldown=2
  method=sa, sa_iterations=2000000, n_seeds=20
  CP-SAT post-pass budget: 600.0s
  cooldown_max=2, surrogate_count=0, feasible=True
  par_quad floor: 84 (proven_lower_bound)
  opp_quad floor: 192 (proven_lower_bound)
  seed=30000 → lex=(0, 192, 408)..., best so far=(0, 192, 408)
  seed=37919 → lex=(0, 192, 408)..., best so far=(0, 192, 408)
  seed=45838 → lex=(0, 192, 408)..., best so far=(0, 192, 408)
  seed=53757 → lex=(0, 192, 408)..., best so far=(0, 192, 408)
  seed=61676 → lex=(0, 192, 408)..., best so far=(0, 192, 408)
  seed=69595 → lex=(0, 192, 408)..., best so far=(0, 192, 408)
  seed=77514 → lex=(0, 192, 408)..., best so far=(0, 192, 408)
  seed=85433 → lex=(0, 192, 408)..., best so far=(0, 192, 408)
  seed=93352 → ConstructionMalformedError: Construction produced malformed match 11: red has 3 teams, blue has 2 (expected 3 each). This is a known construction-quality issue on tight fixtures (n=12, MPT=6). Caller should retry with a different seed.
  seed=101271 → lex=(0, 192, 408)..., best so far=(0, 192, 408)
  seed=109190 → lex=(0, 192, 408)..., best so far=(0, 192, 408)
  seed=117109 → lex=(0, 192, 408)..., best so far=(0, 192, 408)
  seed=125028 → lex=(0, 192, 408)..., best so far=(0, 192, 408)
  seed=132947 → lex=(0, 192, 408)..., best so far=(0, 192, 408)
  seed=140866 → lex=(0, 192, 408)..., best so far=(0, 192, 408)
  seed=148785 → lex=(0, 192, 408)..., best so far=(0, 192, 408)
  seed=156704 → lex=(0, 192, 408)..., best so far=(0, 192, 408)
  seed=164623 → lex=(0, 192, 408)..., best so far=(0, 192, 408)
  seed=172542 → lex=(0, 192, 408)..., best so far=(0, 192, 408)
  seed=180461 → lex=(0, 192, 408)..., best so far=(0, 192, 408)
  Applying CP-SAT R/B post-pass (budget=60s)...
    status=OPTIMAL wall=0.0s max=2→2
  Applying CP-SAT station post-pass (budget=540s)...
    status=OPTIMAL wall=0.1s max=2→2
  achieved lex tuple: [0, 192, 408]...
  par_quad: 192 (floor 84, matches: False)
  opp_quad: 408 (floor 192, matches: False)
  confidence: best_known

Canonical written to: /Users/chris/git/frc-scheduler-server/app/canonical_schedules/12x6x3_cd2.json

=== 20x8 cd=2 (rc=0) ===
Building canonical for 20×8×3 cooldown=2
  method=sa, sa_iterations=2000000, n_seeds=20
  CP-SAT post-pass budget: 600.0s
  cooldown_max=3, surrogate_count=2, feasible=True
  par_quad floor: 160 (proven_lower_bound)
  opp_quad floor: 340 (proven_lower_bound)
  seed=30000 → lex=(0, 168, 451)..., best so far=(0, 168, 451)
  seed=37919 → lex=(0, 166, 451)..., best so far=(0, 166, 451)
  seed=45838 → lex=(0, 168, 455)..., best so far=(0, 166, 451)
  seed=53757 → lex=(0, 166, 467)..., best so far=(0, 166, 451)
  seed=61676 → lex=(0, 168, 455)..., best so far=(0, 166, 451)
  seed=69595 → lex=(0, 168, 455)..., best so far=(0, 166, 451)
  seed=77514 → lex=(0, 172, 447)..., best so far=(0, 166, 451)
  seed=85433 → lex=(0, 166, 463)..., best so far=(0, 166, 451)
  seed=93352 → lex=(0, 170, 473)..., best so far=(0, 166, 451)
  seed=101271 → lex=(0, 164, 493)..., best so far=(0, 164, 493)
  seed=109190 → lex=(0, 166, 465)..., best so far=(0, 164, 493)
  seed=117109 → lex=(0, 170, 447)..., best so far=(0, 164, 493)
  seed=125028 → lex=(0, 168, 467)..., best so far=(0, 164, 493)
  seed=132947 → lex=(0, 170, 481)..., best so far=(0, 164, 493)
  seed=140866 → lex=(0, 168, 475)..., best so far=(0, 164, 493)
  seed=148785 → lex=(0, 166, 453)..., best so far=(0, 164, 493)
  seed=156704 → lex=(0, 172, 459)..., best so far=(0, 164, 493)
  seed=164623 → lex=(0, 166, 473)..., best so far=(0, 164, 493)
  seed=172542 → lex=(0, 168, 463)..., best so far=(0, 164, 493)
  seed=180461 → lex=(0, 168, 457)..., best so far=(0, 164, 493)
  Applying CP-SAT R/B post-pass (budget=60s)...
    status=OPTIMAL wall=0.1s max=2→2
  Applying CP-SAT station post-pass (budget=540s)...
    status=OPTIMAL wall=0.1s max=3→1
  achieved lex tuple: [0, 164, 493]...
  par_quad: 164 (floor 160, matches: False)
  opp_quad: 493 (floor 340, matches: False)
  confidence: best_known

Canonical written to: /Users/chris/git/frc-scheduler-server/app/canonical_schedules/20x8x3_cd2.json

=== 24x8 cd=2 (rc=0) ===
Building canonical for 24×8×3 cooldown=2
  method=sa, sa_iterations=2000000, n_seeds=20
  CP-SAT post-pass budget: 600.0s
  cooldown_max=4, surrogate_count=0, feasible=True
  par_quad floor: 192 (proven_lower_bound)
  opp_quad floor: 312 (proven_lower_bound)
  seed=30000 → lex=(0, 192, 466)..., best so far=(0, 192, 466)
  seed=37919 → lex=(0, 192, 436)..., best so far=(0, 192, 436)
  seed=45838 → lex=(0, 192, 446)..., best so far=(0, 192, 436)
  seed=53757 → lex=(0, 192, 448)..., best so far=(0, 192, 436)
  seed=61676 → lex=(0, 192, 438)..., best so far=(0, 192, 436)
  seed=69595 → ConstructionMalformedError: Construction produced malformed match 31: red has 3 teams, blue has 2 (expected 3 each). This is a known construction-quality issue on tight fixtures (n=24, MPT=8). Caller should retry with a different seed.
  seed=77514 → lex=(0, 192, 458)..., best so far=(0, 192, 436)
  seed=85433 → lex=(0, 192, 458)..., best so far=(0, 192, 436)
  seed=93352 → lex=(0, 192, 448)..., best so far=(0, 192, 436)
  seed=101271 → lex=(0, 192, 456)..., best so far=(0, 192, 436)
  seed=109190 → lex=(0, 192, 466)..., best so far=(0, 192, 436)
  seed=117109 → lex=(0, 192, 462)..., best so far=(0, 192, 436)
  seed=125028 → lex=(0, 192, 460)..., best so far=(0, 192, 436)
  seed=132947 → lex=(0, 192, 450)..., best so far=(0, 192, 436)
  seed=140866 → lex=(0, 192, 454)..., best so far=(0, 192, 436)
  seed=148785 → ConstructionMalformedError: Construction produced malformed match 31: red has 3 teams, blue has 2 (expected 3 each). This is a known construction-quality issue on tight fixtures (n=24, MPT=8). Caller should retry with a different seed.
  seed=156704 → lex=(0, 192, 450)..., best so far=(0, 192, 436)
  seed=164623 → lex=(0, 192, 448)..., best so far=(0, 192, 436)
  seed=172542 → lex=(0, 192, 442)..., best so far=(0, 192, 436)
  seed=180461 → lex=(0, 192, 460)..., best so far=(0, 192, 436)
  Applying CP-SAT R/B post-pass (budget=60s)...
    status=OPTIMAL wall=0.1s max=2→2
  Applying CP-SAT station post-pass (budget=540s)...
    status=OPTIMAL wall=0.2s max=3→1
  achieved lex tuple: [0, 192, 436]...
  par_quad: 192 (floor 192, matches: True)
  opp_quad: 436 (floor 312, matches: False)
  confidence: best_known

Canonical written to: /Users/chris/git/frc-scheduler-server/app/canonical_schedules/24x8x3_cd2.json

=== 36x7 cd=2 (rc=0) ===
Building canonical for 36×7×3 cooldown=2
  method=sa, sa_iterations=2000000, n_seeds=20
  CP-SAT post-pass budget: 600.0s
  cooldown_max=6, surrogate_count=0, feasible=True
  par_quad floor: 252 (proven_lower_bound)
  opp_quad floor: 378 (proven_lower_bound)
  seed=30000 → lex=(0, 252, 390)..., best so far=(0, 252, 390)
  seed=37919 → lex=(0, 252, 394)..., best so far=(0, 252, 390)
  seed=45838 → lex=(0, 252, 394)..., best so far=(0, 252, 390)
  seed=53757 → lex=(0, 252, 394)..., best so far=(0, 252, 390)
  seed=61676 → lex=(0, 252, 390)..., best so far=(0, 252, 390)
  seed=69595 → lex=(0, 252, 388)..., best so far=(0, 252, 388)
  seed=77514 → lex=(0, 252, 392)..., best so far=(0, 252, 388)
  seed=85433 → lex=(0, 252, 392)..., best so far=(0, 252, 388)
  seed=93352 → lex=(0, 252, 398)..., best so far=(0, 252, 388)
  seed=101271 → lex=(0, 252, 394)..., best so far=(0, 252, 388)
  seed=109190 → lex=(0, 252, 392)..., best so far=(0, 252, 388)
  seed=117109 → lex=(0, 252, 386)..., best so far=(0, 252, 386)
  seed=125028 → lex=(0, 252, 394)..., best so far=(0, 252, 386)
  seed=132947 → lex=(0, 252, 392)..., best so far=(0, 252, 386)
  seed=140866 → lex=(0, 252, 396)..., best so far=(0, 252, 386)
  seed=148785 → lex=(0, 252, 392)..., best so far=(0, 252, 386)
  seed=156704 → lex=(0, 252, 392)..., best so far=(0, 252, 386)
  seed=164623 → lex=(0, 252, 390)..., best so far=(0, 252, 386)
  seed=172542 → lex=(0, 252, 392)..., best so far=(0, 252, 386)
  seed=180461 → lex=(0, 252, 394)..., best so far=(0, 252, 386)
  Applying CP-SAT R/B post-pass (budget=60s)...
    status=OPTIMAL wall=0.0s max=1→1
  Applying CP-SAT station post-pass (budget=540s)...
    status=OPTIMAL wall=0.3s max=2→1
  achieved lex tuple: [0, 252, 386]...
  par_quad: 252 (floor 252, matches: True)
  opp_quad: 386 (floor 378, matches: False)
  confidence: best_known

Canonical written to: /Users/chris/git/frc-scheduler-server/app/canonical_schedules/36x7x3_cd2.json

