[07:01:39] Overnight quality run — Sat May 16 07:01:39 AM CDT 2026
[07:01:39] Repo: /Users/chris/git/frc-scheduler-server
[07:01:39] Output: reports/overnight_20260516_070139
[07:01:39] Python: /Users/chris/git/frc-scheduler-server/.venv/bin/python3  (Python 3.13.13)
[07:01:39] Config:
[07:01:39]   SA_ITERATIONS_STANDARDS = 500000
[07:01:39]   SA_ITERATIONS_CANONICAL = 2000000
[07:01:39]   N_SEEDS_STANDARDS       = 5
[07:01:39]   N_SEEDS_CANONICAL       = 20
[07:01:39]   CPSAT_BUDGET_CANONICAL  = 600 s
[07:01:39] ✓ ortools importable
[07:01:39] ✓ matchmaker binary: /usr/local/bin/matchmaker
[07:01:40] ─── START Job 1: Standards eval (existing inventory) ───
[07:01:40]   cmd: python3 scripts/scheduler_eval/standards.py --fixtures 12x6_cd2,20x8_cd2,24x8_cd2,36x7_cd2,60x12_cd2 --seeds 5 --sa-iterations 500000
[07:01:40]   log: reports/overnight_20260516_070139/job1_standards.log
[07:14:24] ─── DONE  Job 1: Standards eval (existing inventory)  rc=0  elapsed=12m44s ───
[07:14:24]   Standards report: reports/overnight_20260516_070139/standards/standards_20260516-071424.json
  Verdict: pass, fixtures evaluated: 0
[07:14:24] ─── START Job 2: Matchmaker head-to-head (MN regionals) ───
[07:14:24]   cmd: python3 scripts/scheduler_eval/runner.py --fixtures 2023mnmi,2024mndu,2025mnmi --adapters frc-scheduler-server,matchmaker --trials 1 --out-dir reports/overnight_20260516_070139/matchmaker
[07:14:24]   log: reports/overnight_20260516_070139/job2_matchmaker.log
[07:14:46] ─── DONE  Job 2: Matchmaker head-to-head (MN regionals)  rc=0  elapsed=0m22s ───
[07:14:46]   Head-to-head section from report.md:
    ### Head-to-head
    
    Per-fixture wins on composite score. T = within 0.01.
    
    | | frc-scheduler-server | matchmaker |
    |---|---|---|
    | **frc-scheduler-server** | — | 0W-3L-0T |
    | **matchmaker** | 3W-0L-0T | — |
    
    ## 2023mnmi — Minnesota 10,000 Lakes Regional presented by Medtronic
[07:14:46] ─── START Job 3: Re-curate 5 existing canonicals ───
[07:14:46]   Writing to: reports/overnight_20260516_070139/canonicals/ (NOT to app/canonical_schedules/)
[07:14:46]   Promotion to app/ is a manual review step after this completes.
[07:14:46]   Building canonical: 12×6 cd=2 → reports/overnight_20260516_070139/canonicals/12x6_cd2.log
[07:20:24]   ✓ 12x6 cd=2  elapsed=338s
[07:20:24]   Building canonical: 20×8 cd=2 → reports/overnight_20260516_070139/canonicals/20x8_cd2.log
[07:37:27]   ✓ 20x8 cd=2  elapsed=1023s
[07:37:27]   Building canonical: 24×8 cd=2 → reports/overnight_20260516_070139/canonicals/24x8_cd2.log
