Building canonical for 12×6×3 cooldown=2
  method=sa, sa_iterations=2000000, n_seeds=20
  CP-SAT post-pass budget: 600.0s
  cooldown_max=2, surrogate_count=0, feasible=True
  par_quad floor: 84 (proven_lower_bound)
  opp_quad floor: 192 (proven_lower_bound)
  seed=30000 → lex=(0, 192, 408)..., best so far=(0, 192, 408)
  seed=37919 → lex=(0, 192, 408)..., best so far=(0, 192, 408)
  seed=45838 → lex=(0, 192, 408)..., best so far=(0, 192, 408)
  seed=53757 → lex=(0, 192, 408)..., best so far=(0, 192, 408)
  seed=61676 → lex=(0, 192, 408)..., best so far=(0, 192, 408)
  seed=69595 → lex=(0, 192, 408)..., best so far=(0, 192, 408)
  seed=77514 → lex=(0, 192, 408)..., best so far=(0, 192, 408)
  seed=85433 → lex=(0, 192, 408)..., best so far=(0, 192, 408)
  seed=93352 → ConstructionMalformedError: Construction produced malformed match 11: red has 3 teams, blue has 2 (expected 3 each). This is a known construction-quality issue on tight fixtures (n=12, MPT=6). Caller should retry with a different seed.
  seed=101271 → lex=(0, 192, 408)..., best so far=(0, 192, 408)
  seed=109190 → lex=(0, 192, 408)..., best so far=(0, 192, 408)
  seed=117109 → lex=(0, 192, 408)..., best so far=(0, 192, 408)
  seed=125028 → lex=(0, 192, 408)..., best so far=(0, 192, 408)
  seed=132947 → lex=(0, 192, 408)..., best so far=(0, 192, 408)
  seed=140866 → lex=(0, 192, 408)..., best so far=(0, 192, 408)
  seed=148785 → lex=(0, 192, 408)..., best so far=(0, 192, 408)
  seed=156704 → lex=(0, 192, 408)..., best so far=(0, 192, 408)
  seed=164623 → lex=(0, 192, 408)..., best so far=(0, 192, 408)
  seed=172542 → lex=(0, 192, 408)..., best so far=(0, 192, 408)
  seed=180461 → lex=(0, 192, 408)..., best so far=(0, 192, 408)
  Applying CP-SAT R/B post-pass (budget=60s)...
    status=OPTIMAL wall=0.0s max=2→2
  Applying CP-SAT station post-pass (budget=540s)...
    status=OPTIMAL wall=0.1s max=2→2
  achieved lex tuple: [0, 192, 408]...
  par_quad: 192 (floor 84, matches: False)
  opp_quad: 408 (floor 192, matches: False)
  confidence: best_known

Canonical written to: /Users/chris/git/frc-scheduler-server/app/canonical_schedules/12x6x3_cd2.json
