Building canonical for 61×7×3 cooldown=2
  method=sa, sa_iterations=2000000, n_seeds=20
  CP-SAT post-pass budget: 600.0s
  cooldown_max=11, surrogate_count=5, feasible=True
  par_quad floor: 427 (proven_lower_bound)
  opp_quad floor: 640 (proven_lower_bound)
  seed=30000 → lex=(0, 432, 648)..., best so far=(0, 432, 648)
  seed=37919 → lex=(0, 432, 648)..., best so far=(0, 432, 648)
  seed=45838 → lex=(0, 432, 648)..., best so far=(0, 432, 648)
  seed=53757 → lex=(0, 432, 648)..., best so far=(0, 432, 648)
  seed=61676 → lex=(0, 432, 648)..., best so far=(0, 432, 648)
  seed=69595 → lex=(0, 432, 648)..., best so far=(0, 432, 648)
  seed=77514 → lex=(0, 432, 648)..., best so far=(0, 432, 648)
  seed=85433 → lex=(0, 432, 648)..., best so far=(0, 432, 648)
  seed=93352 → lex=(0, 432, 648)..., best so far=(0, 432, 648)
  seed=101271 → lex=(0, 432, 648)..., best so far=(0, 432, 648)
  seed=109190 → lex=(0, 432, 648)..., best so far=(0, 432, 648)
  seed=117109 → lex=(0, 432, 648)..., best so far=(0, 432, 648)
  seed=125028 → lex=(0, 432, 648)..., best so far=(0, 432, 648)
  seed=132947 → lex=(0, 432, 648)..., best so far=(0, 432, 648)
  seed=140866 → lex=(0, 432, 648)..., best so far=(0, 432, 648)
  seed=148785 → lex=(0, 432, 648)..., best so far=(0, 432, 648)
  seed=156704 → lex=(0, 432, 648)..., best so far=(0, 432, 648)
  seed=164623 → lex=(0, 432, 648)..., best so far=(0, 432, 648)
  seed=172542 → lex=(0, 432, 648)..., best so far=(0, 432, 648)
  seed=180461 → lex=(0, 432, 648)..., best so far=(0, 432, 648)
  Applying CP-SAT R/B post-pass (budget=60s)...
    status=OPTIMAL wall=0.2s max=2→1
  Applying CP-SAT station post-pass (budget=540s)...
    status=OPTIMAL wall=0.5s max=3→1
  achieved lex tuple: [0, 432, 648]...
  par_quad: 432 (floor 427, matches: False)
  opp_quad: 648 (floor 640, matches: False)
  confidence: best_known

Canonical written to: /Users/chris/git/frc-scheduler-server/app/canonical_schedules/61x7x3_cd2.json
