Standing eval starting at 2026-05-15T09:14:14.096801
Fixtures: ['12x6_cd2', '20x8_cd2', '24x8_cd2', '36x7_cd2', '60x12_cd2']
Seeds per fixture: 5
SA iterations: 500000
Strict mode: False

── 12x6_cd2 (12×6×3 cd=2) ──
   5 seeds × 500000 SA iter
   bars: composite≥85.0, per-criterion≥50.0
   notes: Structural cooldown=2 gap on par_quad. Best-known floor scoring used to give meaningful bars.
   seed 1764400: composite=100.0, paramount-valid=True, wall=4.5s
   seed 1764401: composite=100.0, paramount-valid=True, wall=4.5s
   seed 1764402: composite=100.0, paramount-valid=True, wall=4.5s
   seed 1764403: composite=100.0, paramount-valid=True, wall=4.5s
   seed 1764404: composite=100.0, paramount-valid=True, wall=4.6s
   ✓ PASS: median composite=100.0

── 20x8_cd2 (20×8×3 cd=2) ──
   5 seeds × 500000 SA iter
   bars: composite≥75.0, per-criterion≥50.0
   notes: Surrogate-required (2 slots). par_quad/opp_quad floors tight; rb/station post-passes may not reach floor at default iterations.
   seed 3625800: composite= 91.7, paramount-valid=True, wall=13.0s
   seed 3625801: composite=100.0, paramount-valid=True, wall=13.1s
   seed 3625802: composite= 94.4, paramount-valid=True, wall=12.9s
   seed 3625803: composite=100.0, paramount-valid=True, wall=13.0s
   seed 3625804: composite= 94.4, paramount-valid=True, wall=13.0s
   ✓ PASS: median composite=94.4

── 24x8_cd2 (24×8×3 cd=2) ──
   5 seeds × 500000 SA iter
   bars: composite≥80.0, per-criterion≥50.0
   seed  82600: composite= 97.2, paramount-valid=True, wall=17.5s
   seed  82601: composite= 91.7, paramount-valid=True, wall=17.2s
   seed  82602: composite= 97.2, paramount-valid=True, wall=17.5s
   seed  82603: composite= 97.2, paramount-valid=True, wall=17.3s
   seed  82604: composite= 91.7, paramount-valid=True, wall=17.2s
   ✓ PASS: median composite=97.2

── 36x7_cd2 (36×7×3 cd=2) ──
   5 seeds × 500000 SA iter
   bars: composite≥85.0, per-criterion≥50.0
   notes: 2026mnst production shape. par_quad floor=252 is achievable; rb/station post-pass weakness drags composite at default iter budget.
   seed 5613100: composite= 97.2, paramount-valid=True, wall=33.2s
   seed 5613101: composite= 91.7, paramount-valid=True, wall=33.3s
   seed 5613102: composite= 91.7, paramount-valid=True, wall=33.4s
   seed 5613103: composite= 97.2, paramount-valid=True, wall=33.3s
   seed 5613104: composite= 91.7, paramount-valid=True, wall=33.2s
   ✓ PASS: median composite=91.7

── 60x12_cd2 (60×12×3 cd=2) ──
   5 seeds × 500000 SA iter
   bars: composite≥80.0, per-criterion≥50.0
   notes: Largest fixture (120 matches). SA-only generation. par_quad routinely hits floor; rb_per_team often above.
   seed  84400: composite= 88.9, paramount-valid=True, wall=82.8s
   seed  84401: composite= 91.7, paramount-valid=True, wall=82.6s
   seed  84402: composite= 91.7, paramount-valid=True, wall=82.7s
   seed  84403: composite= 91.7, paramount-valid=True, wall=83.4s
   seed  84404: composite= 91.7, paramount-valid=True, wall=83.7s
   ✓ PASS: median composite=91.7

============================================================
Overall: PASS — pass 5, warn 0, fail 0
Wall: 755.8s (12.6min)

Reports written:
  /Users/chris/git/frc-scheduler-server/scripts/scheduler_eval/reports/standards_20260515-092649.json
  /Users/chris/git/frc-scheduler-server/scripts/scheduler_eval/reports/standards_20260515-092649.md
