[09:14:12] Overnight quality run — Fri May 15 09:14:12 AM CDT 2026
[09:14:12] Repo: /Users/chris/git/frc-scheduler-server
[09:14:12] Output: reports/overnight_20260515_091412
[09:14:12] Python: /Users/chris/git/frc-scheduler-server/.venv/bin/python3  (Python 3.13.13)
[09:14:12] Config:
[09:14:12]   SA_ITERATIONS_STANDARDS = 500000
[09:14:12]   SA_ITERATIONS_CANONICAL = 2000000
[09:14:12]   N_SEEDS_STANDARDS       = 5
[09:14:12]   N_SEEDS_CANONICAL       = 20
[09:14:12]   CPSAT_BUDGET_CANONICAL  = 600 s
[09:14:12] ✓ ortools importable
[09:14:12] ✓ matchmaker binary: /usr/local/bin/matchmaker
[09:14:13] ─── START Job 1: Standards eval (existing inventory) ───
[09:14:13]   cmd: python3 scripts/scheduler_eval/standards.py --fixtures 12x6_cd2,20x8_cd2,24x8_cd2,36x7_cd2,60x12_cd2 --seeds 5 --sa-iterations 500000
[09:14:13]   log: reports/overnight_20260515_091412/job1_standards.log
[09:26:49] ─── DONE  Job 1: Standards eval (existing inventory)  rc=0  elapsed=12m36s ───
[09:26:49]   Standards report: reports/overnight_20260515_091412/standards/standards_20260515-092649.json
  Verdict: pass, fixtures evaluated: 0
[09:26:50] ─── START Job 2: Matchmaker head-to-head (MN regionals) ───
[09:26:50]   cmd: python3 scripts/scheduler_eval/runner.py --fixtures 2023mnmi,2024mndu,2025mnmi --adapters frc-scheduler-server,matchmaker --trials 1 --out-dir reports/overnight_20260515_091412/matchmaker
[09:26:50]   log: reports/overnight_20260515_091412/job2_matchmaker.log
[09:27:12] ─── DONE  Job 2: Matchmaker head-to-head (MN regionals)  rc=0  elapsed=0m22s ───
[09:27:12]   Head-to-head section from report.md:
    ### Head-to-head
    
    Per-fixture wins on composite score. T = within 0.01.
    
    | | frc-scheduler-server | matchmaker |
    |---|---|---|
    | **frc-scheduler-server** | — | 0W-3L-0T |
    | **matchmaker** | 3W-0L-0T | — |
    
    ## 2023mnmi — Minnesota 10,000 Lakes Regional presented by Medtronic
[09:27:12] ─── START Job 3: Re-curate 5 existing canonicals ───
[09:27:12]   Writing to: reports/overnight_20260515_091412/canonicals/ (NOT to app/canonical_schedules/)
[09:27:12]   Promotion to app/ is a manual review step after this completes.
[09:27:12]   Building canonical: 12×6 cd=2 → reports/overnight_20260515_091412/canonicals/12x6_cd2.log
[09:32:46]   ✓ 12x6 cd=2  elapsed=334s
[09:32:46]   Building canonical: 20×8 cd=2 → reports/overnight_20260515_091412/canonicals/20x8_cd2.log
[09:49:57]   ✓ 20x8 cd=2  elapsed=1031s
[09:49:57]   Building canonical: 24×8 cd=2 → reports/overnight_20260515_091412/canonicals/24x8_cd2.log
[10:10:37]   ✓ 24x8 cd=2  elapsed=1240s
[10:10:37]   Building canonical: 36×7 cd=2 → reports/overnight_20260515_091412/canonicals/36x7_cd2.log
[10:55:03]   ✓ 36x7 cd=2  elapsed=2666s
[10:55:03]   Building canonical: 60×12 cd=2 → reports/overnight_20260515_091412/canonicals/60x12_cd2.log
[12:46:32]   ✓ 60x12 cd=2  elapsed=6689s
[12:46:32] ─── DONE  Job 3  5/5 succeeded  elapsed=199m ───
[12:46:32] ─── START Job 4: Build 5 new canonicals (MSHSL shapes) ───
[12:46:32]   Building new canonical: 51×7 cd=2 → reports/overnight_20260515_091412/canonicals/new_51x7_cd2.log
[13:58:35]   ✓ 51x7 cd=2  elapsed=4322s
[13:58:35]   Building new canonical: 55×7 cd=2 → reports/overnight_20260515_091412/canonicals/new_55x7_cd2.log
[15:17:54]   ✓ 55x7 cd=2  elapsed=4759s
[15:17:54]   Building new canonical: 55×8 cd=2 → reports/overnight_20260515_091412/canonicals/new_55x8_cd2.log
[16:41:23]   ✓ 55x8 cd=2  elapsed=5008s
[16:41:23]   Building new canonical: 61×7 cd=2 → reports/overnight_20260515_091412/canonicals/new_61x7_cd2.log
[18:11:48]   ✓ 61x7 cd=2  elapsed=5425s
[18:11:48]   Building new canonical: 61×8 cd=2 → reports/overnight_20260515_091412/canonicals/new_61x8_cd2.log
